<html>
<body>
<pre>
<h1>µVision Build Log</h1>
<h2>Project:</h2>
C:\Users\Sagar\Desktop\Final Code\All gps & gsm\New folder\Serial_LCD\Serial.uvproj
Project File Date:  04/12/2014

<h2>Output:</h2>
Build target 'LPC2100'
assembling Startup.s...
compiling Retarget.c...
compiling main.c...
main.c(38): warning:  #1295-D: Deprecated declaration gps - give arg types
main.c(39): warning:  #1295-D: Deprecated declaration send_loc_to_pc - give arg types
main.c(604): warning:  #111-D: statement is unreachable
main.c(653): warning:  #111-D: statement is unreachable
main.c(745): warning:  #1-D: last line of file ends without a newline
compiling Serial.c...
compiling lcd.c...
linking...
Program Size: Code=5884 RO-data=32 RW-data=40 ZI-data=1200  
FromELF: creating hex file...
".\Obj\Serial.axf" - 0 Error(s), 5 Warning(s).
Build target 'LPC2100'
assembling Startup.s...
compiling Retarget.c...
compiling main.c...
main.c(38): warning:  #1295-D: Deprecated declaration gps - give arg types
main.c(39): warning:  #1295-D: Deprecated declaration send_loc_to_pc - give arg types
main.c(605): warning:  #111-D: statement is unreachable
main.c(654): warning:  #111-D: statement is unreachable
main.c(688): error:  #65: expected a ";"
main.c(692): warning:  #111-D: statement is unreachable
main.c(748): warning:  #1-D: last line of file ends without a newline
compiling Serial.c...
compiling lcd.c...
Target not created
Build target 'LPC2100'
assembling Startup.s...
compiling Retarget.c...
compiling main.c...
main.c(38): warning:  #1295-D: Deprecated declaration gps - give arg types
main.c(39): warning:  #1295-D: Deprecated declaration send_loc_to_pc - give arg types
main.c(605): warning:  #111-D: statement is unreachable
main.c(654): warning:  #111-D: statement is unreachable
main.c(690): warning:  #111-D: statement is unreachable
main.c(748): warning:  #1-D: last line of file ends without a newline
compiling Serial.c...
compiling lcd.c...
linking...
Program Size: Code=5852 RO-data=32 RW-data=40 ZI-data=1200  
FromELF: creating hex file...
".\Obj\Serial.axf" - 0 Error(s), 6 Warning(s).
Build target 'LPC2100'
assembling Startup.s...
compiling Retarget.c...
compiling main.c...
main.c(38): warning:  #1295-D: Deprecated declaration gps - give arg types
main.c(39): warning:  #1295-D: Deprecated declaration send_loc_to_pc - give arg types
main.c(605): warning:  #111-D: statement is unreachable
main.c(654): warning:  #111-D: statement is unreachable
main.c(690): warning:  #111-D: statement is unreachable
main.c(748): warning:  #1-D: last line of file ends without a newline
compiling Serial.c...
compiling lcd.c...
linking...
Program Size: Code=5852 RO-data=32 RW-data=40 ZI-data=1200  
FromELF: creating hex file...
".\Obj\Serial.axf" - 0 Error(s), 6 Warning(s).
Build target 'LPC2100'
assembling Startup.s...
compiling Retarget.c...
compiling main.c...
main.c(38): warning:  #1295-D: Deprecated declaration gps - give arg types
main.c(39): warning:  #1295-D: Deprecated declaration send_loc_to_pc - give arg types
main.c(605): warning:  #111-D: statement is unreachable
main.c(654): warning:  #111-D: statement is unreachable
main.c(690): warning:  #111-D: statement is unreachable
main.c(748): warning:  #1-D: last line of file ends without a newline
compiling Serial.c...
compiling lcd.c...
linking...
Program Size: Code=5852 RO-data=32 RW-data=40 ZI-data=1200  
FromELF: creating hex file...
".\Obj\Serial.axf" - 0 Error(s), 6 Warning(s).
Build target 'LPC2100'
assembling Startup.s...
compiling Retarget.c...
compiling main.c...
main.c(38): warning:  #1295-D: Deprecated declaration gps - give arg types
main.c(39): warning:  #1295-D: Deprecated declaration send_loc_to_pc - give arg types
main.c(605): warning:  #111-D: statement is unreachable
main.c(654): warning:  #111-D: statement is unreachable
main.c(690): warning:  #111-D: statement is unreachable
main.c(748): warning:  #1-D: last line of file ends without a newline
compiling Serial.c...
compiling lcd.c...
linking...
Program Size: Code=5852 RO-data=32 RW-data=40 ZI-data=1200  
FromELF: creating hex file...
".\Obj\Serial.axf" - 0 Error(s), 6 Warning(s).
Build target 'LPC2100'
assembling Startup.s...
compiling Retarget.c...
compiling main.c...
main.c(38): warning:  #1295-D: Deprecated declaration gps - give arg types
main.c(39): warning:  #1295-D: Deprecated declaration send_loc_to_pc - give arg types
main.c(605): warning:  #111-D: statement is unreachable
main.c(654): warning:  #111-D: statement is unreachable
main.c(690): warning:  #111-D: statement is unreachable
main.c(748): warning:  #1-D: last line of file ends without a newline
compiling Serial.c...
compiling lcd.c...
linking...
Program Size: Code=5852 RO-data=32 RW-data=40 ZI-data=1200  
FromELF: creating hex file...
".\Obj\Serial.axf" - 0 Error(s), 6 Warning(s).
Build target 'LPC2100'
assembling Startup.s...
compiling Retarget.c...
compiling main.c...
main.c(38): warning:  #1295-D: Deprecated declaration gps - give arg types
main.c(39): warning:  #1295-D: Deprecated declaration send_loc_to_pc - give arg types
main.c(605): warning:  #111-D: statement is unreachable
main.c(654): warning:  #111-D: statement is unreachable
main.c(690): warning:  #111-D: statement is unreachable
main.c(748): warning:  #1-D: last line of file ends without a newline
compiling Serial.c...
compiling lcd.c...
linking...
Program Size: Code=5856 RO-data=32 RW-data=40 ZI-data=1200  
FromELF: creating hex file...
".\Obj\Serial.axf" - 0 Error(s), 6 Warning(s).
Build target 'LPC2100'
assembling Startup.s...
compiling Retarget.c...
compiling main.c...
main.c(38): warning:  #1295-D: Deprecated declaration gps - give arg types
main.c(39): warning:  #1295-D: Deprecated declaration send_loc_to_pc - give arg types
main.c(605): warning:  #111-D: statement is unreachable
main.c(654): warning:  #111-D: statement is unreachable
main.c(690): warning:  #111-D: statement is unreachable
main.c(748): warning:  #1-D: last line of file ends without a newline
compiling Serial.c...
compiling lcd.c...
linking...
Program Size: Code=5856 RO-data=32 RW-data=40 ZI-data=1200  
FromELF: creating hex file...
".\Obj\Serial.axf" - 0 Error(s), 6 Warning(s).
