ARM Linker, RVCT4.0 [Build 524] for uVision [Evaluation]

==============================================================================

Section Cross References

    startup.o(RESET) refers to startup.o(STACK) for Stack_Top
    startup.o(RESET) refers to entry.o(.ARM.Collect$$$$00000000) for __main
    retarget.o(.text) refers to serial.o(.text) for sendchar
    main.o(.text) refers to serial.o(.text) for uart1_getkey
    main.o(.text) refers to lcd.o(.text) for lcd_clear
    main.o(.text) refers to main.o(.data) for Gpsdata
    main.o(.text) refers to main.o(.bss) for lat
    lcd.o(.text) refers to main.o(.text) for delay
    entry.o(.ARM.Collect$$$$00000000) refers (Special) to entry7.o(.ARM.Collect$$$$00000007) for _main_init
    entry.o(.ARM.Collect$$$$00000000) refers (Special) to entry5.o(.ARM.Collect$$$$00000004) for _main_scatterload
    entry.o(.ARM.Collect$$$$00000000) refers (Special) to entry2.o(.ARM.Collect$$$$00000001) for _main_stk
    entry2.o(.ARM.Collect$$$$00000001) refers to entry2.o(.ARM.Collect$$$$00002712) for __lit__00000000
    entry2.o(.ARM.Collect$$$$00002712) refers to startup.o(STACK) for __initial_sp
    entry5.o(.ARM.Collect$$$$00000004) refers to init.o(.text) for __scatterload
    entry7.o(.ARM.Collect$$$$00000007) refers to main.o(.text) for main
    init.o(.text) refers to init.o(i.__ARM_common_call_via_r3) for __ARM_common_call_via_r3
    init.o(.text) refers to entry5.o(.ARM.Collect$$$$00000004) for __main_after_scatterload


==============================================================================

Removing Unused input sections from the image.

    Removing startup.o(HEAP), (0 bytes).
    Removing retarget.o(.text), (72 bytes).
    Removing retarget.o(.data), (4 bytes).

3 unused section(s) (total 76 bytes) removed from the image.

==============================================================================

Adding Veneers to the image

    Adding AT veneer (8 bytes, Inline) for call to '__scatterload' from entry5.o(.ARM.Collect$$$$00000004).
    Adding TA veneer (8 bytes, Short) for call to '__main_after_scatterload' from init.o(.text).

2 Veneer(s) (total 16 bytes) added to the image.

==============================================================================

Image Symbol Table

    Local Symbols

    Symbol Name                              Value     Ov Type        Size  Object(Section)

    RESET                                    0x00000000   Section      264  startup.o(RESET)
    ../../microlib/init/entry.s              0x00000000   Number         0  entry.o ABSOLUTE
    ../../microlib/init/entry.s              0x00000000   Number         0  entry7.o ABSOLUTE
    ../../microlib/init/entry.s              0x00000000   Number         0  entry5.o ABSOLUTE
    ../../microlib/init/entry.s              0x00000000   Number         0  entry2.o ABSOLUTE
    ../../microlib/stubs.s                   0x00000000   Number         0  useno.o ABSOLUTE
    Retarget.c                               0x00000000   Number         0  retarget.o ABSOLUTE
    Serial.c                                 0x00000000   Number         0  serial.o ABSOLUTE
    Startup.s                                0x00000000   Number         0  startup.o ABSOLUTE
    dc.s                                     0x00000000   Number         0  dc.o ABSOLUTE
    handlers.s                               0x00000000   Number         0  handlers.o ABSOLUTE
    init.s                                   0x00000000   Number         0  init.o ABSOLUTE
    lcd.c                                    0x00000000   Number         0  lcd.o ABSOLUTE
    main.c                                   0x00000000   Number         0  main.o ABSOLUTE
    Undef_Handler                            0x00000040   ARM Code       4  startup.o(RESET)
    SWI_Handler                              0x00000044   ARM Code       4  startup.o(RESET)
    PAbt_Handler                             0x00000048   ARM Code       4  startup.o(RESET)
    DAbt_Handler                             0x0000004c   ARM Code       4  startup.o(RESET)
    IRQ_Handler                              0x00000050   ARM Code       4  startup.o(RESET)
    FIQ_Handler                              0x00000054   ARM Code       4  startup.o(RESET)
    .ARM.Collect$$$$00000000                 0x00000108   Section        0  entry.o(.ARM.Collect$$$$00000000)
    .ARM.Collect$$$$00000001                 0x00000108   Section        4  entry2.o(.ARM.Collect$$$$00000001)
    .ARM.Collect$$$$00000004                 0x0000010c   Section        4  entry5.o(.ARM.Collect$$$$00000004)
    .ARM.Collect$$$$00000007                 0x00000110   Section       12  entry7.o(.ARM.Collect$$$$00000007)
    .ARM.Collect$$$$00002712                 0x0000011c   Section        4  entry2.o(.ARM.Collect$$$$00002712)
    __lit__00000000                          0x0000011c   Data           4  entry2.o(.ARM.Collect$$$$00002712)
    .text                                    0x00000120   Section     3740  main.o(.text)
    .text                                    0x00000fbc   Section      388  serial.o(.text)
    .text                                    0x00001140   Section     1336  lcd.o(.text)
    .text                                    0x00001680   Section       32  init.o(.text)
    i.__ARM_common_call_via_r3               0x000016a8   Section        2  init.o(i.__ARM_common_call_via_r3)
    i.__scatterload_copy                     0x000016ac   Section       24  handlers.o(i.__scatterload_copy)
    i.__scatterload_null                     0x000016c4   Section        4  handlers.o(i.__scatterload_null)
    i.__scatterload_zeroinit                 0x000016c8   Section       24  handlers.o(i.__scatterload_zeroinit)
    .data                                    0x40000000   Section       40  main.o(.data)
    .bss                                     0x40000028   Section       40  main.o(.bss)
    STACK                                    0x40000050   Section     1160  startup.o(STACK)
    Stack_Top                                0x400004d8   Data           0  startup.o(STACK)

    Global Symbols

    Symbol Name                              Value     Ov Type        Size  Object(Section)

    BuildAttributes$$THM_ISAv1$ARM_ISAv4$S$PE$A:L22$X:L11$S22$IEEE1$IW$USESV6$~STKCKD$USESV7$~SHL$OSPACE$EBA8$MICROLIB$REQ8$PRES8$EABIv2 0x00000000   Number         0  anon$$obj.o ABSOLUTE
    __ARM_use_no_argv                        0x00000000   Number         0  main.o ABSOLUTE
    __use_no_errno                           0x00000000   Number         0  useno.o ABSOLUTE
    __use_no_exception_handling              0x00000000   Number         0  useno.o ABSOLUTE
    __use_no_fp                              0x00000000   Number         0  useno.o ABSOLUTE
    __use_no_heap                            0x00000000   Number         0  useno.o ABSOLUTE
    __use_no_heap_region                     0x00000000   Number         0  useno.o ABSOLUTE
    __use_no_semihosting                     0x00000000   Number         0  useno.o ABSOLUTE
    __use_no_semihosting_swi                 0x00000000   Number         0  useno.o ABSOLUTE
    __use_no_signal_handling                 0x00000000   Number         0  useno.o ABSOLUTE
    __decompress                              - Undefined Weak Reference
    Reset_Handler                            0x00000058   ARM Code       0  startup.o(RESET)
    __main                                   0x00000108   ARM Code       0  entry.o(.ARM.Collect$$$$00000000)
    _main_stk                                0x00000108   ARM Code       0  entry2.o(.ARM.Collect$$$$00000001)
    _main_scatterload                        0x0000010c   ARM Code       0  entry5.o(.ARM.Collect$$$$00000004)
    __main_after_scatterload                 0x00000110   ARM Code       0  entry5.o(.ARM.Collect$$$$00000004)
    _main_init                               0x00000110   ARM Code       0  entry7.o(.ARM.Collect$$$$00000007)
    uart0_getkey1                            0x00000120   ARM Code      60  main.o(.text)
    Receive_GPS_Data                         0x0000015c   ARM Code     640  main.o(.text)
    gps                                      0x000003dc   ARM Code     228  main.o(.text)
    delay                                    0x000004c0   ARM Code      52  main.o(.text)
    send_loc_to_pc                           0x000004f4   ARM Code    1120  main.o(.text)
    main                                     0x00000954   ARM Code    1640  main.o(.text)
    sendchar                                 0x00000fbc   ARM Code      80  serial.o(.text)
    uart0_getkey                             0x0000100c   ARM Code      32  serial.o(.text)
    uart1_getkey                             0x0000102c   ARM Code      32  serial.o(.text)
    uart1_init                               0x0000104c   ARM Code      44  serial.o(.text)
    uart1_putc                               0x00001078   ARM Code      32  serial.o(.text)
    uart1_puts                               0x00001098   ARM Code      40  serial.o(.text)
    uart0_init                               0x000010c0   ARM Code      44  serial.o(.text)
    uart0_putc                               0x000010ec   ARM Code      32  serial.o(.text)
    uart0_puts                               0x0000110c   ARM Code      40  serial.o(.text)
    wait_lcd                                 0x00001140   ARM Code     112  lcd.o(.text)
    lcd_command_write                        0x000011b0   ARM Code     216  lcd.o(.text)
    set_lcd_port_output                      0x00001288   ARM Code      56  lcd.o(.text)
    lcd_clear                                0x000012c0   ARM Code      20  lcd.o(.text)
    lcd_gotoxy                               0x000012d4   ARM Code      96  lcd.o(.text)
    lcd_data_write                           0x00001334   ARM Code     164  lcd.o(.text)
    lcd_putchar                              0x000013d8   ARM Code      24  lcd.o(.text)
    lcd_putstring                            0x000013f0   ARM Code      80  lcd.o(.text)
    lcd_backlight_on                         0x00001440   ARM Code      40  lcd.o(.text)
    turn_off_lcd_back_light_cb               0x00001468   ARM Code      40  lcd.o(.text)
    init_lcd                                 0x00001490   ARM Code     284  lcd.o(.text)
    Inline ARM to Thumb Veneer to __scatterload 0x00001678   ARM Code       8  init.o(.text)
    __scatterload                            0x00001681   Thumb Code    24  init.o(.text)
    __scatterload_rt2                        0x00001681   Thumb Code     0  init.o(.text)
    Short Thumb to ARM Veneer to __main_after_scatterload 0x000016a1   Thumb Code     8  anon$$obj.o(Veneer$$Code)
    __ARM_common_call_via_r3                 0x000016a9   Thumb Code     2  init.o(i.__ARM_common_call_via_r3)
    __scatterload_copy                       0x000016ac   ARM Code      24  handlers.o(i.__scatterload_copy)
    __scatterload_null                       0x000016c4   ARM Code       4  handlers.o(i.__scatterload_null)
    __scatterload_zeroinit                   0x000016c8   ARM Code      24  handlers.o(i.__scatterload_zeroinit)
    Region$$Table$$Base                      0x000016e0   Number         0  anon$$obj.o(Region$$Table)
    Region$$Table$$Limit                     0x00001700   Number         0  anon$$obj.o(Region$$Table)
    finish                                   0x40000000   Data           4  main.o(.data)
    pos_cnt                                  0x40000004   Data           4  main.o(.data)
    lat_cnt                                  0x40000008   Data           4  main.o(.data)
    log_cnt                                  0x4000000c   Data           4  main.o(.data)
    flg                                      0x40000010   Data           4  main.o(.data)
    com_cnt                                  0x40000014   Data           4  main.o(.data)
    Gpsdata                                  0x40000018   Data           1  main.o(.data)
    i                                        0x4000001c   Data           4  main.o(.data)
    j                                        0x40000020   Data           4  main.o(.data)
    k                                        0x40000024   Data           4  main.o(.data)
    lat                                      0x40000028   Data          20  main.o(.bss)
    lg                                       0x4000003c   Data          20  main.o(.bss)
    __initial_sp                             0x40000450   Data         136  startup.o(STACK)



==============================================================================

Memory Map of the image

  Image Entry point : 0x00000108

  Load Region LR_IROM1 (Base: 0x00000000, Size: 0x00001728, Max: 0x00080000, ABSOLUTE)

    Execution Region ER_IROM1 (Base: 0x00000000, Size: 0x00001700, Max: 0x00080000, ABSOLUTE)

    Base Addr    Size         Type   Attr      Idx    E Section Name        Object

    0x00000000   0x00000108   Code   RO            3    RESET               startup.o
    0x00000108   0x00000000   Code   RO           84  * .ARM.Collect$$$$00000000  entry.o(mc_t.l)
    0x00000108   0x00000004   Code   RO           87    .ARM.Collect$$$$00000001  entry2.o(mc_t.l)
    0x0000010c   0x00000004   Code   RO           89    .ARM.Collect$$$$00000004  entry5.o(mc_t.l)
    0x00000110   0x0000000c   Code   RO           90    .ARM.Collect$$$$00000007  entry7.o(mc_t.l)
    0x0000011c   0x00000004   Code   RO           88    .ARM.Collect$$$$00002712  entry2.o(mc_t.l)
    0x00000120   0x00000e9c   Code   RO           31    .text               main.o
    0x00000fbc   0x00000184   Code   RO           57    .text               serial.o
    0x00001140   0x00000538   Code   RO           72    .text               lcd.o
    0x00001678   0x00000008   Ven    RO           91    .text               init.o(mc_t.l)
    0x00001680   0x00000020   Code   RO           91    .text               init.o(mc_t.l)
    0x000016a0   0x00000008   Ven    RO          104    Veneer$$Code        anon$$obj.o
    0x000016a8   0x00000002   Code   RO           93    i.__ARM_common_call_via_r3  init.o(mc_t.l)
    0x000016aa   0x00000002   PAD
    0x000016ac   0x00000018   Code   RO           97    i.__scatterload_copy  handlers.o(mc_t.l)
    0x000016c4   0x00000004   Code   RO           98    i.__scatterload_null  handlers.o(mc_t.l)
    0x000016c8   0x00000018   Code   RO           99    i.__scatterload_zeroinit  handlers.o(mc_t.l)
    0x000016e0   0x00000020   Data   RO           95    Region$$Table       anon$$obj.o


    Execution Region RW_IRAM1 (Base: 0x40000000, Size: 0x000004d8, Max: 0x00008000, ABSOLUTE)

    Base Addr    Size         Type   Attr      Idx    E Section Name        Object

    0x40000000   0x00000028   Data   RW           33    .data               main.o
    0x40000028   0x00000028   Zero   RW           32    .bss                main.o
    0x40000050   0x00000488   Zero   RW            1    STACK               startup.o


==============================================================================

Image component sizes


      Code (inc. data)   RO Data    RW Data    ZI Data      Debug   Object Name

      1336        204          0          0          0       2616   lcd.o
      3740        272          0         40         40       4717   main.o
         0          0          0          0          0       1444   retarget.o
       388         12          0          0          0       1719   serial.o
       264         48          0          0       1160        300   startup.o

    ----------------------------------------------------------------------
      5736        536         32         40       1200      10796   Object Totals
         8          0         32          0          0          0   (incl. Generated)
         0          0          0          0          0          2   (incl. Padding)

    ----------------------------------------------------------------------

      Code (inc. data)   RO Data    RW Data    ZI Data      Debug   Library Member Name

         0          0          0          0          0          0   entry.o
         8          4          0          0          0          0   entry2.o
         4          0          0          0          0          0   entry5.o
        12          4          0          0          0          0   entry7.o
        52          0          0          0          0          0   handlers.o
        42          8          0          0          0        136   init.o

    ----------------------------------------------------------------------
       120         16          0          0          0        136   Library Totals
         2          0          0          0          0          0   (incl. Padding)

    ----------------------------------------------------------------------

      Code (inc. data)   RO Data    RW Data    ZI Data      Debug   Library Name

       118         16          0          0          0        136   mc_t.l

    ----------------------------------------------------------------------
       120         16          0          0          0        136   Library Totals

    ----------------------------------------------------------------------

==============================================================================


      Code (inc. data)   RO Data    RW Data    ZI Data      Debug   

      5856        552         32         40       1200      10684   Grand Totals
      5856        552         32         40       1200      10684   ELF Image Totals
      5856        552         32         40          0          0   ROM Totals

==============================================================================

    Total RO  Size (Code + RO Data)                 5888 (   5.75kB)
    Total RW  Size (RW Data + ZI Data)              1240 (   1.21kB)
    Total ROM Size (Code + RO Data + RW Data)       5928 (   5.79kB)

==============================================================================

